// Jest Snapshot v1, https://jestjs.io/docs/snapshot-testing

exports[`ActivityFeed matches snapshot 1`] = `
<DocumentFragment>
  <div
    class="bg-white rounded-3xl p-4 sm:p-6 shadow-lg border border-green-300 max-w-sm"
  >
    <h3
      class="text-lg font-bold text-green-900 mb-1"
    >
      Activity Feed
    </h3>
    <p
      class="text-xs text-green-700 mb-4"
    >
      Recent system events and alerts.
    </p>
    <div
      class="space-y-5"
    >
      <div
        class="flex flex-col"
      >
        <div
          class="flex items-center mb-1 space-x-2"
        >
          <span
            class="w-3 h-3 rounded-full bg-green-500"
          />
          <div
            class="flex items-center space-x-1 text-green-700"
          >
            <svg
              aria-hidden="true"
              class="lucide lucide-thermometer w-5 h-5 flex-shrink-0"
              fill="none"
              height="24"
              stroke="currentColor"
              stroke-linecap="round"
              stroke-linejoin="round"
              stroke-width="2"
              viewBox="0 0 24 24"
              width="24"
              xmlns="http://www.w3.org/2000/svg"
            >
              <path
                d="M14 4v10.54a4 4 0 1 1-4 0V4a2 2 0 0 1 4 0Z"
              />
            </svg>
            <strong
              class="text-base select-none"
            >
              Temp Warning
            </strong>
          </div>
          <span
            class="ml-auto text-xs text-gray-500 select-none"
          >
            less than a minute ago
          </span>
        </div>
        <p
          class="ml-5 text-sm text-gray-700 leading-snug"
        >
          Low Temperature Warning: Digester temperature at 34.6Â°C.
        </p>
      </div>
      <div
        class="flex flex-col"
      >
        <div
          class="flex items-center mb-1 space-x-2"
        >
          <span
            class="w-3 h-3 rounded-full bg-yellow-700"
          />
          <div
            class="flex items-center space-x-1 text-yellow-700"
          >
            <svg
              aria-hidden="true"
              class="lucide lucide-triangle-alert w-5 h-5 flex-shrink-0"
              fill="none"
              height="24"
              stroke="currentColor"
              stroke-linecap="round"
              stroke-linejoin="round"
              stroke-width="2"
              viewBox="0 0 24 24"
              width="24"
              xmlns="http://www.w3.org/2000/svg"
            >
              <path
                d="m21.73 18-8-14a2 2 0 0 0-3.48 0l-8 14A2 2 0 0 0 4 21h16a2 2 0 0 0 1.73-3"
              />
              <path
                d="M12 9v4"
              />
              <path
                d="M12 17h.01"
              />
            </svg>
            <strong
              class="text-base select-none"
            >
              Leak Warning
            </strong>
          </div>
          <span
            class="ml-auto text-xs text-gray-500 select-none"
          >
            less than a minute ago
          </span>
        </div>
        <p
          class="ml-5 text-sm text-gray-700 leading-snug"
        >
          Leak Warning: Pressure at 1.02 bar (15.0% drop).
        </p>
      </div>
    </div>
  </div>
</DocumentFragment>
`;
